[backblue.gif]
[fade.gif]
[index.html]
[files.easy-orders.net/1787022804048133341.png]
[files.easy-orders.net/1786906707463981556.png]
[manzelii.myeasyorders.com/index.html]
[connect.facebook.net/en_US/fbevents.js]
[cdn.easy-orders.net/_next/static/css/2de6d7465f40669d.css]
[cdn.easy-orders.net/_next/static/chunks/polyfills-c67a75d1b6f99dc8.js]
[cdn.easy-orders.net/_next/static/chunks/9900.8a304c5c218cdd73.js]
[cdn.easy-orders.net/_next/static/chunks/webpack-7d9731865cc082b7.js]
[cdn.easy-orders.net/_next/static/chunks/framework-3236775a9ca336a2.js]
[cdn.easy-orders.net/_next/static/chunks/main-1480851ba064f91c.js]
[manzelii.myeasyorders.com/captcha_bg.wasm]
[cdn.easy-orders.net/_next/static/chunks/pages/_app-be1399701751ee18.js]
[cdn.easy-orders.net/_next/static/chunks/719-f3b3d82f8543b3e0.js]
[cdn.easy-orders.net/_next/static/chunks/3790-e949ec74b225c08e.js]
[cdn.easy-orders.net/_next/static/chunks/pages/index-50b7959d06ed41e6.js]
[cdn.easy-orders.net/_next/static/v4.0.64/_buildManifest.js]
[cdn.easy-orders.net/_next/static/v4.0.64/_ssgManifest.js]
[files.easy-orders.net/1786921353780659320MANZELII_Hero_Banner_650px.css]
[files.easy-orders.net/1787014918754705789manzelii-footer-v1.css]
[files.easy-orders.net/1787025897485858495MANZELII_Compact_Desktop_Layout_V2.css]
[files.easy-orders.net/1787026943754665728MANZELII_Secondary_Products_Compact_V2.css]
[files.easy-orders.net/1787029746786121960MANZELII_Current_Sale_Price_Only_V7.css]
[files.easy-orders.net/1787080274196046397MANZELII_Image_Protection.js]
[files.easy-orders.net/1787086264461449486MANZELII_Gold_Review_Stars_FIXED.js]
[files.easy-orders.net/1788382212201667584style.css]
[files.easy-orders.net/1786922615302624381.png]
[manzelii.myeasyorders.com/collections/best-sellers.html]
[files.easy-orders.net/1786391992832465596.png]
[manzelii.myeasyorders.com/collections/home-organization.html]
[files.easy-orders.net/1786985320391381573.png]
[manzelii.myeasyorders.com/collections/kitchen.html]
[files.easy-orders.net/1786987708075947200.png]
[manzelii.myeasyorders.com/collections/bathroom.html]
[manzelii.myeasyorders.com/search.html]
[manzelii.myeasyorders.com/signals/config/index.html]
[manzelii.myeasyorders.com/signals/plugins/index.html]
[manzelii.myeasyorders.com/signals/iwl.html]
[manzelii.myeasyorders.com/signals/iwl0fc5.html]
[manzelii.myeasyorders.com/_next/index.html]
[manzelii.myeasyorders.com/index/index.html]
[manzelii.myeasyorders.com/api/index.html]
[manzelii.myeasyorders.com/_next/data/index.html]
[manzelii.myeasyorders.com/ui-blocks/store/index.html]
[manzelii.myeasyorders.com/orders-popup/store/index.html]
[manzelii.myeasyorders.com/google-merchant-data/store/index.html]
[manzelii.myeasyorders.com/static/chunks/9071-255941b71fde2ddf.html]
[manzelii.myeasyorders.com/static/chunks/3707-0e12d46cd01aa472.html]
[manzelii.myeasyorders.com/static/chunks/6443-9931d2b7b09c8647.html]
[manzelii.myeasyorders.com/static/chunks/5204-cbcaebbdb2cb6ee6.html]
[manzelii.myeasyorders.com/static/chunks/4362-4de635f8f50b1e17.html]
[manzelii.myeasyorders.com/static/chunks/3242-61323a41d8b6c448.html]
[manzelii.myeasyorders.com/static/chunks/4322-fa49108c7d71ce8f.html]
[manzelii.myeasyorders.com/static/chunks/69480c19-399725457857083d.html]
[manzelii.myeasyorders.com/static/chunks/6577-df801b2a9c8c1bd4.html]
[manzelii.myeasyorders.com/static/chunks/5941-4d59916173bae33c.html]
[manzelii.myeasyorders.com/static/chunks/2847-bc426a62451f2a2d.html]
[manzelii.myeasyorders.com/static/chunks/69d2ed9c-396d8167d8439e71.html]
[manzelii.myeasyorders.com/static/chunks/5272-916a9038279505ba.html]
[manzelii.myeasyorders.com/static/chunks/6b2193de-f625311a7707cdfa.html]
[manzelii.myeasyorders.com/static/chunks/646e0218-668de61a61eb5a56.html]
[manzelii.myeasyorders.com/static/chunks/6279-927191eb8bd28b4f.html]
[manzelii.myeasyorders.com/static/chunks/3790-e949ec74b225c08e.html]
[manzelii.myeasyorders.com/static/chunks/3578-b25a0d633f582e48.html]
[manzelii.myeasyorders.com/static/chunks/719-f3b3d82f8543b3e0.html]
[manzelii.myeasyorders.com/static/chunks/6b05130c-72bd1f15e7d27f7c.html]
[manzelii.myeasyorders.com/static/chunks/3171-99fe6d5430738e72.html]
[manzelii.myeasyorders.com/static/chunks/4423-78282d3f8f794e4e.html]
[manzelii.myeasyorders.com/static/chunks/7435-bed3d37f2750d805.html]
[manzelii.myeasyorders.com/static/chunks/737a5600-cf4c2be94e1e9785.html]
[manzelii.myeasyorders.com/static/chunks/7536-cf54019338459244.html]
[manzelii.myeasyorders.com/static/chunks/1838-bbcdd43396777e14.html]
[manzelii.myeasyorders.com/static/chunks/4577d2ec-7b09aeb6a9a92988.html]
[manzelii.myeasyorders.com/static/chunks/117b9d7f-452b467450687e62.html]
[manzelii.myeasyorders.com/static/chunks/cb355538-9137829273cbbc77.html]
[manzelii.myeasyorders.com/static/chunks/5d416436-6d5cacaf0a6f31f3.html]
[manzelii.myeasyorders.com/static/chunks/1611-8a8aea0d716b9fa6.html]
[manzelii.myeasyorders.com/static/chunks/5677-5f065b811c55e991.html]
[manzelii.myeasyorders.com/static/chunks/236-a1fc7b67d320c6ac.html]
[manzelii.myeasyorders.com/static/chunks/7675-9109e2f315ad027f.html]
[manzelii.myeasyorders.com/static/chunks/3342-2a49ac018e039c5e.html]
[manzelii.myeasyorders.com/static/chunks/7646-5ed4f9d4aff558a5.html]
[manzelii.myeasyorders.com/static/chunks/7915-505fa2b3a25928a0.html]
[manzelii.myeasyorders.com/static/chunks/257e8032-9e671f4af377ba34.html]
[manzelii.myeasyorders.com/static/chunks/bee240a3-e9f7668bb5a49cd5.html]
[manzelii.myeasyorders.com/static/chunks/5079-5a86a2a42b5e0d82.html]
[manzelii.myeasyorders.com/static/chunks/443-6a28bed97616db0f.html]
[manzelii.myeasyorders.com/static/chunks/1273-ed5361f69bc21bdd.html]
[manzelii.myeasyorders.com/static/chunks/9020-dc880717575d09ec.html]
[manzelii.myeasyorders.com/static/chunks/5074-1c70aceedbae3b0d.html]
[manzelii.myeasyorders.com/static/chunks/8759-bdb2e222cfe01e30.html]
[files.easy-orders.net/1772538329933375167ab-search.svg]
[cdn.easy-orders.net/_next/static/chunks/5319.2d429c125a0d294f.js]
[cdn.easy-orders.net/_next/static/chunks/cb355538-9137829273cbbc77.js]
[cdn.easy-orders.net/_next/static/chunks/5d416436-6d5cacaf0a6f31f3.js]
[cdn.easy-orders.net/_next/static/chunks/3707-0e12d46cd01aa472.js]
[cdn.easy-orders.net/_next/static/chunks/6443-9931d2b7b09c8647.js]
[cdn.easy-orders.net/_next/static/chunks/pages/collections/[id]-bea4872e4a9dcc2c.js]
[cdn.easy-orders.net/_next/static/chunks/pages/search-9d575e824f3d51b5.js]
[manzelii.myeasyorders.com/signals/config.html]
[manzelii.myeasyorders.com/signals/plugins.html]
[manzelii.myeasyorders.com/_next.html]
[manzelii.myeasyorders.com/index-2.html]
[manzelii.myeasyorders.com/api.html]
[manzelii.myeasyorders.com/_next/data.html]
[manzelii.myeasyorders.com/ui-blocks/store.html]
[manzelii.myeasyorders.com/orders-popup/store.html]
[manzelii.myeasyorders.com/google-merchant-data/store.html]
